// Jest Snapshot v1, https://goo.gl/fbAQLP

exports[`Footer component should be render correctly 1`] = `
<footer>
  <div>
    NETFLIX ROULETTE
  </div>
</footer>
`;
