// Jest Snapshot v1, https://goo.gl/fbAQLP

exports[`Button component should be render correctly 1`] = `
<button
  className="btn"
>
  Title of button
</button>
`;
