// Jest Snapshot v1, https://goo.gl/fbAQLP

exports[`Header component should be render correctly 1`] = `
<header>
  <div
    className="logo"
  >
    NETFLIX ROULETTE
  </div>
</header>
`;
